<?xml version="1.0" encoding="utf-8"?><testsuites><testsuite name="pytest" errors="0" failures="0" skipped="0" tests="6" time="2.079" timestamp="2025-09-28T16:40:52.170081" hostname="runnervm3ublj"><testcase classname="tests.test_main" name="test_root_endpoint" time="0.014" /><testcase classname="tests.test_main" name="test_health_check_with_valid_token" time="0.005" /><testcase classname="tests.test_main" name="test_health_check_without_token" time="0.003" /><testcase classname="tests.test_main" name="test_health_check_with_invalid_token" time="0.004" /><testcase classname="tests.test_main" name="test_api_status_with_valid_token" time="0.004" /><testcase classname="tests.test_main" name="test_api_status_without_token" time="0.003" /></testsuite></testsuites>