<?xml version="1.0" encoding="utf-8"?><testsuites name="pytest tests"><testsuite name="pytest" errors="0" failures="0" skipped="0" tests="2" time="0.054" timestamp="2025-09-28T15:52:25.291255+00:00" hostname="runnervm3ublj"><testcase classname="backend.test_main" name="test_basic_imports" time="0.001" /><testcase classname="backend.test_main" name="test_placeholder" time="0.001" /></testsuite></testsuites>